stm32h7xx_hal_msp.c:64:6:HAL_MspInit	8	static
stm32h7xx_hal_msp.c:87:6:HAL_CRC_MspInit	8	static
stm32h7xx_hal_msp.c:109:6:HAL_CRC_MspDeInit	0	static
stm32h7xx_hal_msp.c:131:6:HAL_DMA2D_MspInit	16	static
stm32h7xx_hal_msp.c:156:6:HAL_DMA2D_MspDeInit	0	static
stm32h7xx_hal_msp.c:181:6:HAL_LTDC_MspInit	64	static
stm32h7xx_hal_msp.c:274:6:HAL_LTDC_MspDeInit	8	static
stm32h7xx_hal_msp.c:339:6:HAL_QSPI_MspInit	72	static
stm32h7xx_hal_msp.c:430:6:HAL_QSPI_MspDeInit	8	static
stm32h7xx_hal_msp.c:610:6:HAL_SDRAM_MspInit	48	static
stm32h7xx_hal_msp.c:718:6:HAL_SDRAM_MspDeInit	8	static
