HAL.hpp:122:18:virtual void touchgfx::HAL::setDisplayOrientation(touchgfx::DisplayOrientation)	0	static
HAL.hpp:577:18:virtual bool touchgfx::HAL::sampleKey(uint8_t&)	0	static
HAL.hpp:809:30:virtual touchgfx::FlashDataReader* touchgfx::HAL::getFlashDataReader() const	0	static
HAL.hpp:958:18:virtual void touchgfx::HAL::taskDelay(uint16_t)	0	static
HAL.hpp:985:22:virtual uint16_t touchgfx::HAL::getTFTCurrentLine()	0	static
HAL.hpp:996:21:virtual touchgfx::DMAType touchgfx::HAL::getDMAType()	0	static
TouchGFXHAL.hpp:32:7:TouchGFXHAL::~TouchGFXHAL()	0	static
TouchGFXHAL.cpp:43:6:virtual void TouchGFXHAL::taskEntry()	8	static
HAL.hpp:545:18:virtual void touchgfx::HAL::backPorchExited()	8	static
TouchGFXHAL.cpp:79:11:virtual uint16_t* TouchGFXHAL::getTFTFrameBuffer() const	0	static
TouchGFXHAL.cpp:94:6:virtual void TouchGFXHAL::setTFTFrameBuffer(uint16_t*)	0	static
TouchGFXHAL.cpp:111:6:virtual void TouchGFXHAL::flushFrameBuffer(const touchgfx::Rect&)	24	static
TouchGFXHAL.cpp:133:6:virtual void TouchGFXHAL::configureInterrupts()	0	static
TouchGFXHAL.cpp:146:6:virtual void TouchGFXHAL::enableInterrupts()	0	static
TouchGFXHAL.cpp:159:6:virtual void TouchGFXHAL::disableInterrupts()	0	static
TouchGFXHAL.cpp:173:6:virtual void TouchGFXHAL::enableLCDControllerInterrupt()	0	static
HAL.hpp:666:18:virtual void touchgfx::HAL::setFrameBufferStartAddresses(void*, void*, void*)	8	static
HAL.hpp:618:5:virtual void touchgfx::HAL::setFrameBufferStartAddress(void*, uint16_t, bool, bool)	32	static
TouchGFXHAL.hpp:110:18:virtual void TouchGFXHAL::flushFrameBuffer()	0	static
TouchGFXHAL.hpp:32:7:virtual TouchGFXHAL::~TouchGFXHAL()	8	static
HAL.hpp:280:28:virtual touchgfx::BlitOperations touchgfx::HAL::getBlitCaps()	0	static
HAL.hpp:1086:18:virtual void touchgfx::HAL::performDisplayOrientationChange()	12	static
TouchGFXHAL.cpp:29:6:void TouchGFXHAL::initialize()	16	static
TouchGFXHAL.cpp:185:19:long int IdleTaskHook(void*)	8	static
