stm32h7xx_hal_qspi.c:2339:13:QSPI_DMARxCplt	0	static
stm32h7xx_hal_qspi.c:2353:13:QSPI_DMATxCplt	0	static
stm32h7xx_hal_qspi.c:2463:13:QSPI_Config	32	static
stm32h7xx_hal_qspi.c:2430:26:QSPI_WaitFlagStateUntilTimeout	24	static
stm32h7xx_hal_qspi.c:451:13:HAL_QSPI_MspInit	0	static
stm32h7xx_hal_qspi.c:306:19:HAL_QSPI_Init	24	static
stm32h7xx_hal_qspi.c:466:13:HAL_QSPI_MspDeInit	0	static
stm32h7xx_hal_qspi.c:407:19:HAL_QSPI_DeInit	8	static
stm32h7xx_hal_qspi.c:790:19:HAL_QSPI_Command	40	static
stm32h7xx_hal_qspi.c:880:19:HAL_QSPI_Command_IT	32	static
stm32h7xx_hal_qspi.c:980:19:HAL_QSPI_Transmit	32	static
stm32h7xx_hal_qspi.c:1063:19:HAL_QSPI_Receive	32	static
stm32h7xx_hal_qspi.c:1147:19:HAL_QSPI_Transmit_IT	8	static
stm32h7xx_hal_qspi.c:1207:19:HAL_QSPI_Receive_IT	12	static
stm32h7xx_hal_qspi.c:1275:19:HAL_QSPI_Transmit_DMA	24	static
stm32h7xx_hal_qspi.c:1375:19:HAL_QSPI_Receive_DMA	24	static
stm32h7xx_hal_qspi.c:1483:19:HAL_QSPI_AutoPolling	40	static
stm32h7xx_hal_qspi.c:1583:19:HAL_QSPI_AutoPolling_IT	32	static
stm32h7xx_hal_qspi.c:1687:19:HAL_QSPI_MemoryMapped	32	static
stm32h7xx_hal_qspi.c:1773:13:HAL_QSPI_ErrorCallback	0	static
stm32h7xx_hal_qspi.c:2388:13:QSPI_DMAAbortCplt	8	static
stm32h7xx_hal_qspi.c:1788:13:HAL_QSPI_AbortCpltCallback	0	static
stm32h7xx_hal_qspi.c:1803:13:HAL_QSPI_CmdCpltCallback	0	static
stm32h7xx_hal_qspi.c:1818:13:HAL_QSPI_RxCpltCallback	0	static
stm32h7xx_hal_qspi.c:1833:14:HAL_QSPI_TxCpltCallback	0	static
stm32h7xx_hal_qspi.c:1849:13:HAL_QSPI_FifoThresholdCallback	0	static
stm32h7xx_hal_qspi.c:1864:13:HAL_QSPI_StatusMatchCallback	0	static
stm32h7xx_hal_qspi.c:1879:13:HAL_QSPI_TimeOutCallback	0	static
stm32h7xx_hal_qspi.c:505:6:HAL_QSPI_IRQHandler	16	static
stm32h7xx_hal_qspi.c:2121:23:HAL_QSPI_GetState	0	static
stm32h7xx_hal_qspi.c:2132:10:HAL_QSPI_GetError	0	static
stm32h7xx_hal_qspi.c:2142:19:HAL_QSPI_Abort	24	static
stm32h7xx_hal_qspi.c:2195:19:HAL_QSPI_Abort_IT	8	static
stm32h7xx_hal_qspi.c:2367:13:QSPI_DMAError	0	static
stm32h7xx_hal_qspi.c:2246:6:HAL_QSPI_SetTimeout	0	static
stm32h7xx_hal_qspi.c:2256:19:HAL_QSPI_SetFifoThreshold	8	static
stm32h7xx_hal_qspi.c:2288:10:HAL_QSPI_GetFifoThreshold	0	static
stm32h7xx_hal_qspi.c:2300:19:HAL_QSPI_SetFlashID	0	static
