stm32h7xx_hal.c:220:13:HAL_MspInit	0	static
stm32h7xx_hal.c:231:13:HAL_MspDeInit	0	static
stm32h7xx_hal.c:179:19:HAL_DeInit	8	static
stm32h7xx_hal.c:254:26:HAL_InitTick	16	static
stm32h7xx_hal.c:134:19:HAL_Init	8	static
stm32h7xx_hal.c:340:13:HAL_IncTick	0	static
stm32h7xx_hal.c:351:17:HAL_GetTick	0	static
stm32h7xx_hal.c:360:10:HAL_GetTickPrio	0	static
stm32h7xx_hal.c:369:19:HAL_SetTickFreq	16	static
stm32h7xx_hal.c:401:21:HAL_GetTickFreq	0	static
stm32h7xx_hal.c:417:13:HAL_Delay	16	static
stm32h7xx_hal.c:443:13:HAL_SuspendTick	0	static
stm32h7xx_hal.c:459:13:HAL_ResumeTick	0	static
stm32h7xx_hal.c:469:10:HAL_GetHalVersion	0	static
stm32h7xx_hal.c:478:10:HAL_GetREVID	0	static
stm32h7xx_hal.c:487:10:HAL_GetDEVID	0	static
stm32h7xx_hal.c:496:10:HAL_GetUIDw0	0	static
stm32h7xx_hal.c:505:10:HAL_GetUIDw1	0	static
stm32h7xx_hal.c:514:10:HAL_GetUIDw2	0	static
stm32h7xx_hal.c:533:6:HAL_SYSCFG_VREFBUF_VoltageScalingConfig	0	static
stm32h7xx_hal.c:549:6:HAL_SYSCFG_VREFBUF_HighImpedanceConfig	0	static
stm32h7xx_hal.c:561:6:HAL_SYSCFG_VREFBUF_TrimmingConfig	0	static
stm32h7xx_hal.c:573:19:HAL_SYSCFG_EnableVREFBUF	16	static
stm32h7xx_hal.c:599:6:HAL_SYSCFG_DisableVREFBUF	0	static
stm32h7xx_hal.c:613:6:HAL_SYSCFG_ETHInterfaceSelect	0	static
stm32h7xx_hal.c:643:6:HAL_SYSCFG_AnalogSwitchConfig	0	static
stm32h7xx_hal.c:661:6:HAL_SYSCFG_EnableBOOST	0	static
stm32h7xx_hal.c:673:6:HAL_SYSCFG_DisableBOOST	0	static
stm32h7xx_hal.c:689:6:HAL_SYSCFG_CM7BootAddConfig	0	static
stm32h7xx_hal.c:788:6:HAL_EnableCompensationCell	0	static
stm32h7xx_hal.c:799:6:HAL_DisableCompensationCell	0	static
stm32h7xx_hal.c:812:6:HAL_SYSCFG_EnableIOSpeedOptimize	0	static
stm32h7xx_hal.c:828:6:HAL_SYSCFG_DisableIOSpeedOptimize	0	static
stm32h7xx_hal.c:845:6:HAL_SYSCFG_CompensationCodeSelect	0	static
stm32h7xx_hal.c:862:6:HAL_SYSCFG_CompensationCodeConfig	0	static
stm32h7xx_hal.c:894:6:HAL_DBGMCU_EnableDBGSleepMode	0	static
stm32h7xx_hal.c:903:6:HAL_DBGMCU_DisableDBGSleepMode	0	static
stm32h7xx_hal.c:913:6:HAL_DBGMCU_EnableDBGStopMode	0	static
stm32h7xx_hal.c:922:6:HAL_DBGMCU_DisableDBGStopMode	0	static
stm32h7xx_hal.c:931:6:HAL_DBGMCU_EnableDBGStandbyMode	0	static
stm32h7xx_hal.c:940:6:HAL_DBGMCU_DisableDBGStandbyMode	0	static
stm32h7xx_hal.c:1005:6:HAL_EnableDomain3DBGStopMode	0	static
stm32h7xx_hal.c:1013:6:HAL_DisableDomain3DBGStopMode	0	static
stm32h7xx_hal.c:1022:6:HAL_EnableDomain3DBGStandbyMode	0	static
stm32h7xx_hal.c:1031:6:HAL_DisableDomain3DBGStandbyMode	0	static
stm32h7xx_hal.c:1042:6:HAL_SetFMCMemorySwappingConfig	0	static
stm32h7xx_hal.c:1054:10:HAL_GetFMCMemorySwappingConfig	0	static
stm32h7xx_hal.c:1071:6:HAL_EXTI_EdgeConfig	8	static
stm32h7xx_hal.c:1097:6:HAL_EXTI_GenerateSWInterrupt	0	static
stm32h7xx_hal.c:1112:6:HAL_EXTI_D1_ClearFlag	0	static
stm32h7xx_hal.c:1147:6:HAL_EXTI_D1_EventInputConfig	12	static
stm32h7xx_hal.c:1241:6:HAL_EXTI_D3_EventInputConfig	12	static
