stm32h7xx_ll_fmc.c:194:20:FMC_NORSRAM_Init	16	static
stm32h7xx_ll_fmc.c:284:19:FMC_NORSRAM_DeInit	8	static
stm32h7xx_ll_fmc.c:320:19:FMC_NORSRAM_Timing_Init	12	static
stm32h7xx_ll_fmc.c:367:19:FMC_NORSRAM_Extended_Timing_Init	12	static
stm32h7xx_ll_fmc.c:429:19:FMC_NORSRAM_WriteOperation_Enable	0	static
stm32h7xx_ll_fmc.c:447:19:FMC_NORSRAM_WriteOperation_Disable	0	static
stm32h7xx_ll_fmc.c:517:19:FMC_NAND_Init	8	static
stm32h7xx_ll_fmc.c:549:19:FMC_NAND_CommonSpace_Timing_Init	0	static
stm32h7xx_ll_fmc.c:576:19:FMC_NAND_AttributeSpace_Timing_Init	0	static
stm32h7xx_ll_fmc.c:601:19:FMC_NAND_DeInit	0	static
stm32h7xx_ll_fmc.c:646:19:FMC_NAND_ECC_Enable	0	static
stm32h7xx_ll_fmc.c:665:19:FMC_NAND_ECC_Disable	0	static
stm32h7xx_ll_fmc.c:685:19:FMC_NAND_GetECC	24	static
stm32h7xx_ll_fmc.c:767:19:FMC_SDRAM_Init	12	static
stm32h7xx_ll_fmc.c:829:19:FMC_SDRAM_Timing_Init	12	static
stm32h7xx_ll_fmc.c:880:19:FMC_SDRAM_DeInit	0	static
stm32h7xx_ll_fmc.c:921:19:FMC_SDRAM_WriteProtection_Enable	0	static
stm32h7xx_ll_fmc.c:938:19:FMC_SDRAM_WriteProtection_Disable	0	static
stm32h7xx_ll_fmc.c:958:19:FMC_SDRAM_SendCommand	8	static
stm32h7xx_ll_fmc.c:983:19:FMC_SDRAM_ProgramRefreshRate	0	static
stm32h7xx_ll_fmc.c:1001:19:FMC_SDRAM_SetAutoRefreshNumber	0	static
stm32h7xx_ll_fmc.c:1022:10:FMC_SDRAM_GetModeStatus	0	static
