stm32h743i_eval_ts.c:140:9:BSP_TS_Init	64	static
stm32h743i_eval_ts.c:198:9:BSP_TS_DeInit	8	static
stm32h743i_eval_ts.c:223:9:BSP_TS_GetCapabilities	8	static
stm32h743i_eval_ts.c:244:9:BSP_TS_EnableIT	24	static
stm32h743i_eval_ts.c:293:9:BSP_TS_DisableIT	24	static
stm32h743i_eval_ts.c:325:6:BSP_TS_IRQHandler	0	static
stm32h743i_eval_ts.c:335:13:BSP_TS_Callback	0	static
stm32h743i_eval_ts.c:559:13:TS_EXTI_Callback	8	static
stm32h743i_eval_ts.c:350:9:BSP_TS_GetState	40	static
stm32h743i_eval_ts.c:435:9:BSP_TS_Set_Orientation	0	static
stm32h743i_eval_ts.c:447:9:BSP_TS_Get_Orientation	0	static
