stm32h743i_eval_qspi.c:244:26:MX_QSPI_Init	0	static
stm32h743i_eval_qspi.c:342:9:BSP_QSPI_Read	16	static
stm32h743i_eval_qspi.c:381:9:BSP_QSPI_Write	40	static
stm32h743i_eval_qspi.c:450:9:BSP_QSPI_EraseBlock	16	static
stm32h743i_eval_qspi.c:489:9:BSP_QSPI_EraseChip	8	static
stm32h743i_eval_qspi.c:529:9:BSP_QSPI_GetStatus	16	static
stm32h743i_eval_qspi.c:565:9:BSP_QSPI_GetInfo	8	static
stm32h743i_eval_qspi.c:589:9:BSP_QSPI_EnableMemoryMappedMode	8	static
stm32h743i_eval_qspi.c:634:9:BSP_QSPI_DisableMemoryMappedMode	32	static
stm32h743i_eval_qspi.c:195:9:BSP_QSPI_DeInit	16	static
stm32h743i_eval_qspi.c:685:9:BSP_QSPI_ReadID	8	static
stm32h743i_eval_qspi.c:715:9:BSP_QSPI_ConfigFlash	24	static
stm32h743i_eval_qspi.c:110:9:BSP_QSPI_Init	192	static
